[robbowen.digital/index.html]
[backblue.gif]
[fade.gif]
[index.html]
[robbowen.digital/assets/img/apple-touch-icon.png]
[robbowen.digital/assets/img/favicon-32x32.png]
[robbowen.digital/assets/img/favicon-16x16.png]
[robbowen.digital/assets/img/favicon.ico]
[robbowen.digital/assets/img/card.png]
[robbowen.digital/feed.xml]
[robbowen.digital/assets/css/styles.css]
[robbowen.digital/work/index.html]
[robbowen.digital/about/index.html]
[robbowen.digital/index.html]
[robbowen.digital/assets/css/styles.css]
[robbowen.digital/work/index.html]
[robbowen.digital/writing/index.html]
[robbowen.digital/wrote-about/introducing-rekishi/index.html]
[robbowen.digital/assets/js/main.js]
[robbowen.digital/assets/img/about/milda.jpg]
[robbowen.digital/assets/img/about/lakebled.jpg]
[robbowen.digital/assets/img/about/asakusa.jpg]
[robbowen.digital/assets/img/about/gifu.jpg]
[robbowen.digital/assets/img/about/lisbon.jpg]
[robbowen.digital/assets/img/about/poster.jpg]
[robbowen.digital/assets/img/about/walessunset.jpg]
[robbowen.digital/assets/img/about/ljubljana.jpg]
[robbowen.digital/about/index.html]
[robbowen.digital/writing/index.html]
[robbowen.digital/assets/img/cards/introducing-rekishi.png]
[robbowen.digital/wrote-about/getting-something-from-nothing/index.html]
[robbowen.digital/wrote-about/abandoned-side-projects/index.html]
[robbowen.digital/wrote-about/2023-wrapped/index.html]
[robbowen.digital/wrote-about/locking-scroll-with-has/index.html]
[robbowen.digital/wrote-about/legacy-code/index.html]
[robbowen.digital/assets/img/articles/rekishi-banner.14.delayed]
[robbowen.digital/wrote-about/the-jammies-2022/index.html]
[robbowen.digital/wrote-about/hand-thrown-frontends/index.html]
[robbowen.digital/wrote-about/css-blend-mode-shaders/index.html]
[robbowen.digital/wrote-about/so-long-2022/index.html]
[robbowen.digital/assets/img/portrait_small.jpg]
[robbowen.digital/wrote-about/introducing-rekishi/index.html]
[robbowen.digital/wrote-about/getting-started-with-go/index.html]
[robbowen.digital/wrote-about/hindsight-is-2020/index.html]
[robbowen.digital/wrote-about/minding-your-language/index.html]
[robbowen.digital/wrote-about/how-to-name-your-web-agency-with-nlp/index.html]
[robbowen.digital/wrote-about/neon-dreams/index.html]
[robbowen.digital/wrote-about/synthwave-84/index.html]
[robbowen.digital/wrote-about/launch-day/index.html]
[robbowen.digital/assets/img/cards/getting-something-from-nothing.png]
[robbowen.digital/assets/img/articles/nothing-phone-4.jpg]
[robbowen.digital/assets/img/articles/nothing-phone-1.jpg]
[robbowen.digital/assets/img/articles/nothing-phone-2.jpg]
[robbowen.digital/assets/img/articles/nothing-phone-3.jpg]
[robbowen.digital/wrote-about/getting-something-from-nothing/index.html]
[robbowen.digital/assets/img/cards/abandoned-side-projects.png]
[robbowen.digital/assets/img/articles/lietvards-code.png]
[robbowen.digital/assets/img/articles/lietvards.png]
[robbowen.digital/wrote-about/abandoned-side-projects/index.html]
[robbowen.digital/assets/img/cards/2023-wrapped.png]
[robbowen.digital/assets/img/articles/dziesmusvetki.jpg]
[robbowen.digital/wrote-about/2023-wrapped/index.html]
[robbowen.digital/assets/img/cards/locking-scroll-with-has.png]
[robbowen.digital/wrote-about/locking-scroll-with-has/index.html]
[robbowen.digital/wrote-about/HTML-is-like-a-camera/index.html]
[robbowen.digital/assets/img/cards/legacy-code.png]
[robbowen.digital/assets/img/articles/cant-be-reached.png]
[robbowen.digital/wrote-about/legacy-code/index.html]
[robbowen.digital/assets/img/cards/hand-thrown-frontends.png]
[robbowen.digital/wrote-about/hand-thrown-frontends/index.html]
[robbowen.digital/assets/img/cards/so-long-2022.png]
[robbowen.digital/wrote-about/so-long-2022/index.html]
[robbowen.digital/assets/img/cards/the-jammies-2022.png]
[robbowen.digital/assets/img/articles/clap.gif]
[robbowen.digital/wrote-about/the-jammies-2022/index.html]
[robbowen.digital/assets/img/cards/css-blend-mode-shaders.png]
[robbowen.digital/assets/img/articles/holo/tower_spec.jpg]
[robbowen.digital/assets/img/articles/holo/hologram.png]
[robbowen.digital/assets/img/articles/holo/pinelake_mask.jpg]
[robbowen.digital/assets/img/articles/holo/forest_spec.jpg]
[robbowen.digital/assets/img/articles/holo/tower.jpg]
[robbowen.digital/assets/img/articles/holo/mask-layer.jpg]
[robbowen.digital/assets/img/articles/holo/composite-diagram.jpg]
[robbowen.digital/assets/img/articles/holo/composite-diagram-multiply.jpg]
[robbowen.digital/assets/img/articles/holo/composite-diagram-dodge.jpg]
[robbowen.digital/assets/img/articles/holo/forest.jpg]
[robbowen.digital/assets/img/articles/holo/pinelake.jpg]
[robbowen.digital/assets/img/articles/holo/dash.jpg]
[robbowen.digital/assets/js/articles/shader.js]
[robbowen.digital/wrote-about/css-blend-mode-shaders/index.html]
[robbowen.digital/assets/img/cards/minding-your-language.png]
[robbowen.digital/assets/img/articles/lang.jpg]
[robbowen.digital/wrote-about/minding-your-language/index.html]
[robbowen.digital/assets/img/cards/getting-started-with-go.png]
[robbowen.digital/assets/img/articles/golang-banner.jpg]
[robbowen.digital/wrote-about/getting-started-with-go/index.html]
[robbowen.digital/assets/img/cards/hindsight-is-2020.png]
[robbowen.digital/wrote-about/hindsight-is-2020/index.html]
[robbowen.digital/assets/img/cards/how-to-name-your-web-agency-with-nlp.png]
[robbowen.digital/assets/img/articles/nlp-diagram.jpg]
[robbowen.digital/assets/img/articles/nlp-python.jpg]
[robbowen.digital/assets/img/articles/nlp-lemma.jpg]
[robbowen.digital/assets/img/articles/nlp-disruptivebreakfast.jpg]
[robbowen.digital/wrote-about/how-to-name-your-web-agency-with-nlp/index.html]
[robbowen.digital/assets/img/cards/neon-dreams.png]
[robbowen.digital/assets/img/articles/synth-banner.png]
[robbowen.digital/wrote-about/neon-dreams/index.html]
[robbowen.digital/assets/img/cards/launch-day.png]
[robbowen.digital/assets/img/articles/mountains.jpg]
[robbowen.digital/assets/img/articles/svglayers.png]
[robbowen.digital/wrote-about/launch-day/index.html]
[robbowen.digital/assets/img/cards/synthwave-84.png]
[robbowen.digital/assets/img/articles/theme.jpg]
[robbowen.digital/wrote-about/synthwave-84/index.html]
[robbowen.digital/assets/img/cards/HTML-is-like-a-camera.png]
[robbowen.digital/wrote-about/HTML-is-like-a-camera/index.html]
